// Jest Snapshot v1, https://goo.gl/fbAQLP

exports[`Pruebas sobre FirstApp Debe de hacer match con el snapshot 1`] = `
<div>
  <h1
    data-testid="test-title"
  >
     
    Hola Mundo
     
  </h1>
  <h2>
    prueaaaba
  </h2>
  <h2>
    prueaaaba
  </h2>
  <p>
    Lorem ipsum dolor sit amet consectetur, adipisicing elit. Animi accusamus impedit quaerat itaque harum, soluta laborum eaque, et tenetur dolores nulla vel rem voluptatum minus rerum vitae quae, veritatis voluptatibus?
  </p>
  <p>
    Alan Fr√°nquez
  </p>
</div>
`;
